Archive member included to satisfy reference by file (symbol)

C:/ST/STM32CubeIDE_1.15.1/STM32CubeIDE/plugins/com.st.stm32cube.ide.mcu.externaltools.gnu-tools-for-stm32.12.3.rel1.win32_1.0.100.202403111256/tools/bin/../lib/gcc/arm-none-eabi/12.3.1/../../../../arm-none-eabi/lib/thumb/v7-m/nofp\libc_nano.a(libc_a-exit.o)
                              C:/ST/STM32CubeIDE_1.15.1/STM32CubeIDE/plugins/com.st.stm32cube.ide.mcu.externaltools.gnu-tools-for-stm32.12.3.rel1.win32_1.0.100.202403111256/tools/bin/../lib/gcc/arm-none-eabi/12.3.1/../../../../arm-none-eabi/lib/thumb/v7-m/nofp/crt0.o (exit)
C:/ST/STM32CubeIDE_1.15.1/STM32CubeIDE/plugins/com.st.stm32cube.ide.mcu.externaltools.gnu-tools-for-stm32.12.3.rel1.win32_1.0.100.202403111256/tools/bin/../lib/gcc/arm-none-eabi/12.3.1/../../../../arm-none-eabi/lib/thumb/v7-m/nofp\libc_nano.a(libc_a-findfp.o)
                              C:/ST/STM32CubeIDE_1.15.1/STM32CubeIDE/plugins/com.st.stm32cube.ide.mcu.externaltools.gnu-tools-for-stm32.12.3.rel1.win32_1.0.100.202403111256/tools/bin/../lib/gcc/arm-none-eabi/12.3.1/../../../../arm-none-eabi/lib/thumb/v7-m/nofp\libc_nano.a(libc_a-exit.o) (__stdio_exit_handler)
C:/ST/STM32CubeIDE_1.15.1/STM32CubeIDE/plugins/com.st.stm32cube.ide.mcu.externaltools.gnu-tools-for-stm32.12.3.rel1.win32_1.0.100.202403111256/tools/bin/../lib/gcc/arm-none-eabi/12.3.1/../../../../arm-none-eabi/lib/thumb/v7-m/nofp\libc_nano.a(libc_a-fwalk.o)
                              C:/ST/STM32CubeIDE_1.15.1/STM32CubeIDE/plugins/com.st.stm32cube.ide.mcu.externaltools.gnu-tools-for-stm32.12.3.rel1.win32_1.0.100.202403111256/tools/bin/../lib/gcc/arm-none-eabi/12.3.1/../../../../arm-none-eabi/lib/thumb/v7-m/nofp\libc_nano.a(libc_a-findfp.o) (_fwalk_sglue)
C:/ST/STM32CubeIDE_1.15.1/STM32CubeIDE/plugins/com.st.stm32cube.ide.mcu.externaltools.gnu-tools-for-stm32.12.3.rel1.win32_1.0.100.202403111256/tools/bin/../lib/gcc/arm-none-eabi/12.3.1/../../../../arm-none-eabi/lib/thumb/v7-m/nofp\libc_nano.a(libc_a-snprintf.o)
                              ./Core/Src/i2c-lcd.o (snprintf)
C:/ST/STM32CubeIDE_1.15.1/STM32CubeIDE/plugins/com.st.stm32cube.ide.mcu.externaltools.gnu-tools-for-stm32.12.3.rel1.win32_1.0.100.202403111256/tools/bin/../lib/gcc/arm-none-eabi/12.3.1/../../../../arm-none-eabi/lib/thumb/v7-m/nofp\libc_nano.a(libc_a-stdio.o)
                              C:/ST/STM32CubeIDE_1.15.1/STM32CubeIDE/plugins/com.st.stm32cube.ide.mcu.externaltools.gnu-tools-for-stm32.12.3.rel1.win32_1.0.100.202403111256/tools/bin/../lib/gcc/arm-none-eabi/12.3.1/../../../../arm-none-eabi/lib/thumb/v7-m/nofp\libc_nano.a(libc_a-findfp.o) (__sread)
C:/ST/STM32CubeIDE_1.15.1/STM32CubeIDE/plugins/com.st.stm32cube.ide.mcu.externaltools.gnu-tools-for-stm32.12.3.rel1.win32_1.0.100.202403111256/tools/bin/../lib/gcc/arm-none-eabi/12.3.1/../../../../arm-none-eabi/lib/thumb/v7-m/nofp\libc_nano.a(libc_a-memset.o)
                              C:/ST/STM32CubeIDE_1.15.1/STM32CubeIDE/plugins/com.st.stm32cube.ide.mcu.externaltools.gnu-tools-for-stm32.12.3.rel1.win32_1.0.100.202403111256/tools/bin/../lib/gcc/arm-none-eabi/12.3.1/../../../../arm-none-eabi/lib/thumb/v7-m/nofp/crt0.o (memset)
C:/ST/STM32CubeIDE_1.15.1/STM32CubeIDE/plugins/com.st.stm32cube.ide.mcu.externaltools.gnu-tools-for-stm32.12.3.rel1.win32_1.0.100.202403111256/tools/bin/../lib/gcc/arm-none-eabi/12.3.1/../../../../arm-none-eabi/lib/thumb/v7-m/nofp\libc_nano.a(libc_a-closer.o)
                              C:/ST/STM32CubeIDE_1.15.1/STM32CubeIDE/plugins/com.st.stm32cube.ide.mcu.externaltools.gnu-tools-for-stm32.12.3.rel1.win32_1.0.100.202403111256/tools/bin/../lib/gcc/arm-none-eabi/12.3.1/../../../../arm-none-eabi/lib/thumb/v7-m/nofp\libc_nano.a(libc_a-stdio.o) (_close_r)
C:/ST/STM32CubeIDE_1.15.1/STM32CubeIDE/plugins/com.st.stm32cube.ide.mcu.externaltools.gnu-tools-for-stm32.12.3.rel1.win32_1.0.100.202403111256/tools/bin/../lib/gcc/arm-none-eabi/12.3.1/../../../../arm-none-eabi/lib/thumb/v7-m/nofp\libc_nano.a(libc_a-reent.o)
                              C:/ST/STM32CubeIDE_1.15.1/STM32CubeIDE/plugins/com.st.stm32cube.ide.mcu.externaltools.gnu-tools-for-stm32.12.3.rel1.win32_1.0.100.202403111256/tools/bin/../lib/gcc/arm-none-eabi/12.3.1/../../../../arm-none-eabi/lib/thumb/v7-m/nofp\libc_nano.a(libc_a-closer.o) (errno)
C:/ST/STM32CubeIDE_1.15.1/STM32CubeIDE/plugins/com.st.stm32cube.ide.mcu.externaltools.gnu-tools-for-stm32.12.3.rel1.win32_1.0.100.202403111256/tools/bin/../lib/gcc/arm-none-eabi/12.3.1/../../../../arm-none-eabi/lib/thumb/v7-m/nofp\libc_nano.a(libc_a-impure.o)
                              C:/ST/STM32CubeIDE_1.15.1/STM32CubeIDE/plugins/com.st.stm32cube.ide.mcu.externaltools.gnu-tools-for-stm32.12.3.rel1.win32_1.0.100.202403111256/tools/bin/../lib/gcc/arm-none-eabi/12.3.1/../../../../arm-none-eabi/lib/thumb/v7-m/nofp\libc_nano.a(libc_a-snprintf.o) (_impure_ptr)
[...]
Memory Configuration

Name             Origin             Length             Attributes
RAM              0x20000000         0x00005000         xrw
FLASH            0x08000000         0x00010000         xr
*default*        0x00000000         0xffffffff

Linker script and memory map

LOAD C:/ST/STM32CubeIDE_1.15.1/STM32CubeIDE/plugins/com.st.stm32cube.ide.mcu.externaltools.gnu-tools-for-stm32.12.3.rel1.win32_1.0.100.202403111256/tools/bin/../lib/gcc/arm-none-eabi/12.3.1/thumb/v7-m/nofp/crti.o
LOAD C:/ST/STM32CubeIDE_1.15.1/STM32CubeIDE/plugins/com.st.stm32cube.ide.mcu.externaltools.gnu-tools-for-stm32.12.3.rel1.win32_1.0.100.202403111256/tools/bin/../lib/gcc/arm-none-eabi/12.3.1/thumb/v7-m/nofp/crtbegin.o
LOAD C:/ST/STM32CubeIDE_1.15.1/STM32CubeIDE/plugins/com.st.stm32cube.ide.mcu.externaltools.gnu-tools-for-stm32.12.3.rel1.win32_1.0.100.202403111256/tools/bin/../lib/gcc/arm-none-eabi/12.3.1/../../../../arm-none-eabi/lib/thumb/v7-m/nofp/crt0.o
LOAD ./Core/Src/gpio.o
LOAD ./Core/Src/i2c-lcd.o
LOAD ./Core/Src/i2c.o
LOAD ./Core/Src/main.o
LOAD ./Core/Src/rotary_encoder.o
LOAD ./Core/Src/speed_sensor.o
LOAD ./Core/Src/stm32f1xx_hal_msp.o
LOAD ./Core/Src/stm32f1xx_it.o
LOAD ./Core/Src/syscalls.o
LOAD ./Core/Src/sysmem.o
LOAD ./Core/Src/system_stm32f1xx.o
LOAD ./Core/Src/tim.o
LOAD ./Core/Startup/startup_stm32f103c8tx.o
LOAD ./Drivers/STM32F1xx_HAL_Driver/Src/stm32f1xx_hal.o
LOAD ./Drivers/STM32F1xx_HAL_Driver/Src/stm32f1xx_hal_cortex.o
LOAD ./Drivers/STM32F1xx_HAL_Driver/Src/stm32f1xx_hal_dma.o
LOAD ./Drivers/STM32F1xx_HAL_Driver/Src/stm32f1xx_hal_exti.o
LOAD ./Drivers/STM32F1xx_HAL_Driver/Src/stm32f1xx_hal_flash.o
LOAD ./Drivers/STM32F1xx_HAL_Driver/Src/stm32f1xx_hal_flash_ex.o
LOAD ./Drivers/STM32F1xx_HAL_Driver/Src/stm32f1xx_hal_gpio.o
LOAD ./Drivers/STM32F1xx_HAL_Driver/Src/stm32f1xx_hal_gpio_ex.o
LOAD ./Drivers/STM32F1xx_HAL_Driver/Src/stm32f1xx_hal_i2c.o
LOAD ./Drivers/STM32F1xx_HAL_Driver/Src/stm32f1xx_hal_pwr.o
LOAD ./Drivers/STM32F1xx_HAL_Driver/Src/stm32f1xx_hal_rcc.o
LOAD ./Drivers/STM32F1xx_HAL_Driver/Src/stm32f1xx_hal_rcc_ex.o
LOAD ./Drivers/STM32F1xx_HAL_Driver/Src/stm32f1xx_hal_tim.o
LOAD ./Drivers/STM32F1xx_HAL_Driver/Src/stm32f1xx_hal_tim_ex.o
START GROUP
LOAD C:/ST/STM32CubeIDE_1.15.1/STM32CubeIDE/plugins/com.st.stm32cube.ide.mcu.externaltools.gnu-tools-for-stm32.12.3.rel1.win32_1.0.100.202403111256/tools/bin/../lib/gcc/arm-none-eabi/12.3.1/../../../../arm-none-eabi/lib/thumb/v7-m/nofp\libc_nano.a
LOAD C:/ST/STM32CubeIDE_1.15.1/STM32CubeIDE/plugins/com.st.stm32cube.ide.mcu.externaltools.gnu-tools-for-stm32.12.3.rel1.win32_1.0.100.202403111256/tools/bin/../lib/gcc/arm-none-eabi/12.3.1/../../../../arm-none-eabi/lib/thumb/v7-m/nofp\libm.a
END GROUP
START GROUP
LOAD C:/ST/STM32CubeIDE_1.15.1/STM32CubeIDE/plugins/com.st.stm32cube.ide.mcu.externaltools.gnu-tools-for-stm32.12.3.rel1.win32_1.0.100.202403111256/tools/bin/../lib/gcc/arm-none-eabi/12.3.1/thumb/v7-m/nofp\libgcc.a
LOAD C:/ST/STM32CubeIDE_1.15.1/STM32CubeIDE/plugins/com.st.stm32cube.ide.mcu.externaltools.gnu-tools-for-stm32.12.3.rel1.win32_1.0.100.202403111256/tools/bin/../lib/gcc/arm-none-eabi/12.3.1/../../../../arm-none-eabi/lib/thumb/v7-m/nofp\libc_nano.a
END GROUP
START GROUP
LOAD C:/ST/STM32CubeIDE_1.15.1/STM32CubeIDE/plugins/com.st.stm32cube.ide.mcu.externaltools.gnu-tools-for-stm32.12.3.rel1.win32_1.0.100.202403111256/tools/bin/../lib/gcc/arm-none-eabi/12.3.1/thumb/v7-m/nofp\libgcc.a
LOAD C:/ST/STM32CubeIDE_1.15.1/STM32CubeIDE/plugins/com.st.stm32cube.ide.mcu.externaltools.gnu-tools-for-stm32.12.3.rel1.win32_1.0.100.202403111256/tools/bin/../lib/gcc/arm-none-eabi/12.3.1/../../../../arm-none-eabi/lib/thumb/v7-m/nofp\libc_nano.a
LOAD C:/ST/STM32CubeIDE_1.15.1/STM32CubeIDE/plugins/com.st.stm32cube.ide.mcu.externaltools.gnu-tools-for-stm32.12.3.rel1.win32_1.0.100.202403111256/tools/bin/../lib/gcc/arm-none-eabi/12.3.1/../../../../arm-none-eabi/lib/thumb/v7-m/nofp\libnosys.a
END GROUP
START GROUP
LOAD C:/ST/STM32CubeIDE_1.15.1/STM32CubeIDE/plugins/com.st.stm32cube.ide.mcu.externaltools.gnu-tools-for-stm32.12.3.rel1.win32_1.0.100.202403111256/tools/bin/../lib/gcc/arm-none-eabi/12.3.1/thumb/v7-m/nofp\libgcc.a
LOAD C:/ST/STM32CubeIDE_1.15.1/STM32CubeIDE/plugins/com.st.stm32cube.ide.mcu.externaltools.gnu-tools-for-stm32.12.3.rel1.win32_1.0.100.202403111256/tools/bin/../lib/gcc/arm-none-eabi/12.3.1/../../../../arm-none-eabi/lib/thumb/v7-m/nofp\libc_nano.a
LOAD C:/ST/STM32CubeIDE_1.15.1/STM32CubeIDE/plugins/com.st.stm32cube.ide.mcu.externaltools.gnu-tools-for-stm32.12.3.rel1.win32_1.0.100.202403111256/tools/bin/../lib/gcc/arm-none-eabi/12.3.1/../../../../arm-none-eabi/lib/thumb/v7-m/nofp\libnosys.a
END GROUP
LOAD C:/ST/STM32CubeIDE_1.15.1/STM32CubeIDE/plugins/com.st.stm32cube.ide.mcu.externaltools.gnu-tools-for-stm32.12.3.rel1.win32_1.0.100.202403111256/tools/bin/../lib/gcc/arm-none-eabi/12.3.1/thumb/v7-m/nofp/crtend.o
LOAD C:/ST/STM32CubeIDE_1.15.1/STM32CubeIDE/plugins/com.st.stm32cube.ide.mcu.externaltools.gnu-tools-for-stm32.12.3.rel1.win32_1.0.100.202403111256/tools/bin/../lib/gcc/arm-none-eabi/12.3.1/thumb/v7-m/nofp/crtn.o
                0x20005000                        _estack = (ORIGIN (RAM) + LENGTH (RAM))
                0x00000200                        _Min_Heap_Size = 0x200
                0x00000400                        _Min_Stack_Size = 0x400

.isr_vector     0x08000000      0x10c
                0x08000000                        . = ALIGN (0x4)
 *(.isr_vector)
 .isr_vector    0x08000000      0x10c ./Core/Startup/startup_stm32f103c8tx.o
                0x08000000                g_pfnVectors
                0x0800010c                        . = ALIGN (0x4)

.text           0x0800010c     0x3d10
                0x0800010c                        . = ALIGN (0x4)
 *(.text)
 .text          0x0800010c       0x40 C:/ST/STM32CubeIDE_1.15.1/STM32CubeIDE/plugins/com.st.stm32cube.ide.mcu.externaltools.gnu-tools-for-stm32.12.3.rel1.win32_1.0.100.202403111256/tools/bin/../lib/gcc/arm-none-eabi/12.3.1/thumb/v7-m/nofp/crtbegin.o
 .text          0x0800014c      0x21c C:/ST/STM32CubeIDE_1.15.1/STM32CubeIDE/plugins/com.st.stm32cube.ide.mcu.externaltools.gnu-tools-for-stm32.12.3.rel1.win32_1.0.100.202403111256/tools/bin/../lib/gcc/arm-none-eabi/12.3.1/thumb/v7-m/nofp\libgcc.a(_arm_addsubsf3.o)
                0x0800014c                __aeabi_frsub
                0x08000154                __subsf3
                0x08000154                __aeabi_fsub
                0x08000158                __aeabi_fadd
                0x08000158                __addsf3
                0x080002b8                __aeabi_ui2f
                0x080002b8                __floatunsisf
                0x080002c0                __aeabi_i2f
                0x080002c0                __floatsisf
                0x080002dc                __aeabi_ul2f
                0x080002dc                __floatundisf
                0x080002ec                __aeabi_l2f
                0x080002ec                __floatdisf
 .text          0x08000368      0x2a0 C:/ST/STM32CubeIDE_1.15.1/STM32CubeIDE/plugins/com.st.stm32cube.ide.mcu.externaltools.gnu-tools-for-stm32.12.3.rel1.win32_1.0.100.202403111256/tools/bin/../lib/gcc/arm-none-eabi/12.3.1/thumb/v7-m/nofp\libgcc.a(_arm_muldivsf3.o)
                0x08000368                __mulsf3
                0x08000368                __aeabi_fmul
                0x080004d0                __aeabi_fdiv
                0x080004d0                __divsf3
 .text          0x08000608       0x4c C:/ST/STM32CubeIDE_1.15.1/STM32CubeIDE/plugins/com.st.stm32cube.ide.mcu.externaltools.gnu-tools-for-stm32.12.3.rel1.win32_1.0.100.202403111256/tools/bin/../lib/gcc/arm-none-eabi/12.3.1/thumb/v7-m/nofp\libgcc.a(_arm_fixsfsi.o)
                0x08000608                __aeabi_f2iz
                0x08000608                __fixsfsi
 .text          0x08000654       0x40 C:/ST/STM32CubeIDE_1.15.1/STM32CubeIDE/plugins/com.st.stm32cube.ide.mcu.externaltools.gnu-tools-for-stm32.12.3.rel1.win32_1.0.100.202403111256/tools/bin/../lib/gcc/arm-none-eabi/12.3.1/thumb/v7-m/nofp\libgcc.a(_arm_fixunssfsi.o)
                0x08000654                __fixunssfsi
                0x08000654                __aeabi_f2uiz
 *(.text*)
 .text.MX_GPIO_Init
                0x08000694      0x108 ./Core/Src/gpio.o
                0x08000694                MX_GPIO_Init
 .text.lcd_send_cmd
                0x0800079c       0x60 ./Core/Src/i2c-lcd.o
                0x0800079c                lcd_send_cmd
 .text.lcd_send_data
                0x080007fc       0x60 ./Core/Src/i2c-lcd.o
                0x080007fc                lcd_send_data
 .text.lcd_clear
                0x0800085c       0x2e ./Core/Src/i2c-lcd.o
                0x0800085c                lcd_clear
 .text.lcd_put_cur
                0x0800088a       0x3e ./Core/Src/i2c-lcd.o
                0x0800088a                lcd_put_cur
 .text.lcd_init
                0x080008c8       0x7a ./Core/Src/i2c-lcd.o
                0x080008c8                lcd_init
 .text.lcd_send_string
                0x08000942       0x2a ./Core/Src/i2c-lcd.o
                0x08000942                lcd_send_string
 .text.MX_I2C1_Init
                0x0800096c       0x5c ./Core/Src/i2c.o
                0x0800096c                MX_I2C1_Init
 .text.HAL_I2C_MspInit
                0x080009c8       0x7c ./Core/Src/i2c.o
                0x080009c8                HAL_I2C_MspInit
 .text.HAL_TIM_IC_CaptureCallback
                0x08000a44       0x20 ./Core/Src/main.o
                0x08000a44                HAL_TIM_IC_CaptureCallback
 .text.main     0x08000a64       0xfc ./Core/Src/main.o
                0x08000a64                main
 .text.SystemClock_Config
                0x08000b60       0x8a ./Core/Src/main.o
                0x08000b60                SystemClock_Config
 .text.Error_Handler
                0x08000bea        0xc ./Core/Src/main.o
                0x08000bea                Error_Handler
 *fill*         0x08000bf6        0x2 
 .text.RotaryEncoder_Init
                0x08000bf8       0x54 ./Core/Src/rotary_encoder.o
                0x08000bf8                RotaryEncoder_Init
 .text.HAL_MspInit
                0x08000c4c       0x64 ./Core/Src/stm32f1xx_hal_msp.o
                0x08000c4c                HAL_MspInit
 .text.NMI_Handler
                0x08000cb0        0x8 ./Core/Src/stm32f1xx_it.o
                0x08000cb0                NMI_Handler
 .text.HardFault_Handler
                0x08000cb8        0x8 ./Core/Src/stm32f1xx_it.o
                0x08000cb8                HardFault_Handler
 .text.MemManage_Handler
                0x08000cc0        0x8 ./Core/Src/stm32f1xx_it.o
                0x08000cc0                MemManage_Handler
 .text.BusFault_Handler
                0x08000cc8        0x8 ./Core/Src/stm32f1xx_it.o
                0x08000cc8                BusFault_Handler
 .text.UsageFault_Handler
                0x08000cd0        0x8 ./Core/Src/stm32f1xx_it.o
                0x08000cd0                UsageFault_Handler
 .text.SVC_Handler
                0x08000cd8        0xc ./Core/Src/stm32f1xx_it.o
                0x08000cd8                SVC_Handler
 .text.DebugMon_Handler
                0x08000ce4        0xc ./Core/Src/stm32f1xx_it.o
                0x08000ce4                DebugMon_Handler
 .text.PendSV_Handler
                0x08000cf0        0xc ./Core/Src/stm32f1xx_it.o
                0x08000cf0                PendSV_Handler
 .text.SysTick_Handler
                0x08000cfc       0x94 ./Core/Src/stm32f1xx_it.o
                0x08000cfc                SysTick_Handler
 .text.EXTI0_IRQHandler
                0x08000d90        0xe ./Core/Src/stm32f1xx_it.o
                0x08000d90                EXTI0_IRQHandler
 .text.EXTI1_IRQHandler
                0x08000d9e        0xe ./Core/Src/stm32f1xx_it.o
                0x08000d9e                EXTI1_IRQHandler
 .text.EXTI3_IRQHandler
                0x08000dac        0xe ./Core/Src/stm32f1xx_it.o
                0x08000dac                EXTI3_IRQHandler
 *fill*         0x08000dba        0x2 
 .text.TIM2_IRQHandler
                0x08000dbc       0x14 ./Core/Src/stm32f1xx_it.o
                0x08000dbc                TIM2_IRQHandler
 .text.SystemInit
                0x08000dd0        0xc ./Core/Src/system_stm32f1xx.o
                0x08000dd0                SystemInit
 .text.MX_TIM1_Init
                0x08000ddc      0x140 ./Core/Src/tim.o
                0x08000ddc                MX_TIM1_Init
 .text.MX_TIM2_Init
                0x08000f1c       0xe0 ./Core/Src/tim.o
                0x08000f1c                MX_TIM2_Init
 .text.HAL_TIM_Base_MspInit
                0x08000ffc       0xb0 ./Core/Src/tim.o
                0x08000ffc                HAL_TIM_Base_MspInit
 .text.HAL_TIM_MspPostInit
                0x080010ac       0x68 ./Core/Src/tim.o
                0x080010ac                HAL_TIM_MspPostInit
 .text.Reset_Handler
                0x08001114       0x48 ./Core/Startup/startup_stm32f103c8tx.o
                0x08001114                Reset_Handler
 .text.Default_Handler
                0x0800115c        0x2 ./Core/Startup/startup_stm32f103c8tx.o
                0x0800115c                RTC_Alarm_IRQHandler
                0x0800115c                EXTI2_IRQHandler
                0x0800115c                TIM1_CC_IRQHandler
                0x0800115c                PVD_IRQHandler
                0x0800115c                I2C2_EV_IRQHandler
                0x0800115c                ADC1_2_IRQHandler
                0x0800115c                SPI1_IRQHandler
                0x0800115c                TAMPER_IRQHandler
                0x0800115c                DMA1_Channel4_IRQHandler
                0x0800115c                USART3_IRQHandler
                0x0800115c                RTC_IRQHandler
                0x0800115c                DMA1_Channel7_IRQHandler
                0x0800115c                CAN1_RX1_IRQHandler
                0x0800115c                TIM4_IRQHandler
                0x0800115c                I2C1_EV_IRQHandler
                0x0800115c                DMA1_Channel6_IRQHandler
                0x0800115c                TIM3_IRQHandler
                0x0800115c                RCC_IRQHandler
                0x0800115c                TIM1_TRG_COM_IRQHandler
                0x0800115c                DMA1_Channel1_IRQHandler
                0x0800115c                Default_Handler
                0x0800115c                EXTI15_10_IRQHandler
                0x0800115c                EXTI9_5_IRQHandler
                0x0800115c                SPI2_IRQHandler
                0x0800115c                DMA1_Channel5_IRQHandler
                0x0800115c                EXTI4_IRQHandler
                0x0800115c                USB_LP_CAN1_RX0_IRQHandler
                0x0800115c                USB_HP_CAN1_TX_IRQHandler
                0x0800115c                DMA1_Channel3_IRQHandler
                0x0800115c                TIM1_UP_IRQHandler
                0x0800115c                WWDG_IRQHandler
                0x0800115c                TIM1_BRK_IRQHandler
                0x0800115c                USART2_IRQHandler
                0x0800115c                I2C2_ER_IRQHandler
                0x0800115c                DMA1_Channel2_IRQHandler
                0x0800115c                CAN1_SCE_IRQHandler
                0x0800115c                FLASH_IRQHandler
                0x0800115c                USART1_IRQHandler
                0x0800115c                I2C1_ER_IRQHandler
                0x0800115c                USBWakeUp_IRQHandler
 *fill*         0x0800115e        0x2 
 .text.HAL_Init
                0x08001160       0x2c ./Drivers/STM32F1xx_HAL_Driver/Src/stm32f1xx_hal.o
                0x08001160                HAL_Init
 .text.HAL_InitTick
                0x0800118c       0x60 ./Drivers/STM32F1xx_HAL_Driver/Src/stm32f1xx_hal.o
                0x0800118c                HAL_InitTick
 .text.HAL_IncTick
                0x080011ec       0x24 ./Drivers/STM32F1xx_HAL_Driver/Src/stm32f1xx_hal.o
                0x080011ec                HAL_IncTick
 .text.HAL_GetTick
                0x08001210       0x14 ./Drivers/STM32F1xx_HAL_Driver/Src/stm32f1xx_hal.o
                0x08001210                HAL_GetTick
 .text.HAL_Delay
                0x08001224       0x48 ./Drivers/STM32F1xx_HAL_Driver/Src/stm32f1xx_hal.o
                0x08001224                HAL_Delay
 .text.__NVIC_SetPriorityGrouping
                0x0800126c       0x48 ./Drivers/STM32F1xx_HAL_Driver/Src/stm32f1xx_hal_cortex.o
 .text.__NVIC_GetPriorityGrouping
                0x080012b4       0x1c ./Drivers/STM32F1xx_HAL_Driver/Src/stm32f1xx_hal_cortex.o
 .text.__NVIC_EnableIRQ
                0x080012d0       0x38 ./Drivers/STM32F1xx_HAL_Driver/Src/stm32f1xx_hal_cortex.o
 .text.__NVIC_SetPriority
                0x08001308       0x54 ./Drivers/STM32F1xx_HAL_Driver/Src/stm32f1xx_hal_cortex.o
 .text.NVIC_EncodePriority
                0x0800135c       0x64 ./Drivers/STM32F1xx_HAL_Driver/Src/stm32f1xx_hal_cortex.o
 .text.SysTick_Config
                0x080013c0       0x44 ./Drivers/STM32F1xx_HAL_Driver/Src/stm32f1xx_hal_cortex.o
 .text.HAL_NVIC_SetPriorityGrouping
                0x08001404       0x16 ./Drivers/STM32F1xx_HAL_Driver/Src/stm32f1xx_hal_cortex.o
                0x08001404                HAL_NVIC_SetPriorityGrouping
 .text.HAL_NVIC_SetPriority
                0x0800141a       0x38 ./Drivers/STM32F1xx_HAL_Driver/Src/stm32f1xx_hal_cortex.o
                0x0800141a                HAL_NVIC_SetPriority
 .text.HAL_NVIC_EnableIRQ
                0x08001452       0x1c ./Drivers/STM32F1xx_HAL_Driver/Src/stm32f1xx_hal_cortex.o
                0x08001452                HAL_NVIC_EnableIRQ
 .text.HAL_SYSTICK_Config
                0x0800146e       0x18 ./Drivers/STM32F1xx_HAL_Driver/Src/stm32f1xx_hal_cortex.o
                0x0800146e                HAL_SYSTICK_Config
 *fill*         0x08001486        0x2 
 .text.HAL_GPIO_Init
                0x08001488      0x308 ./Drivers/STM32F1xx_HAL_Driver/Src/stm32f1xx_hal_gpio.o
                0x08001488                HAL_GPIO_Init
 .text.HAL_GPIO_EXTI_IRQHandler
                0x08001790       0x30 ./Drivers/STM32F1xx_HAL_Driver/Src/stm32f1xx_hal_gpio.o
                0x08001790                HAL_GPIO_EXTI_IRQHandler
 .text.HAL_GPIO_EXTI_Callback
                0x080017c0       0x14 ./Drivers/STM32F1xx_HAL_Driver/Src/stm32f1xx_hal_gpio.o
                0x080017c0                HAL_GPIO_EXTI_Callback
 .text.HAL_I2C_Init
                0x080017d4      0x288 ./Drivers/STM32F1xx_HAL_Driver/Src/stm32f1xx_hal_i2c.o
                0x080017d4                HAL_I2C_Init
 .text.HAL_I2C_Master_Transmit
                0x08001a5c      0x1fc ./Drivers/STM32F1xx_HAL_Driver/Src/stm32f1xx_hal_i2c.o
                0x08001a5c                HAL_I2C_Master_Transmit
 .text.I2C_MasterRequestWrite
                0x08001c58      0x104 ./Drivers/STM32F1xx_HAL_Driver/Src/stm32f1xx_hal_i2c.o
 .text.I2C_WaitOnFlagUntilTimeout
                0x08001d5c       0xf4 ./Drivers/STM32F1xx_HAL_Driver/Src/stm32f1xx_hal_i2c.o
 .text.I2C_WaitOnMasterAddressFlagUntilTimeout
                0x08001e50      0x140 ./Drivers/STM32F1xx_HAL_Driver/Src/stm32f1xx_hal_i2c.o
 .text.I2C_WaitOnTXEFlagUntilTimeout
                0x08001f90       0x90 ./Drivers/STM32F1xx_HAL_Driver/Src/stm32f1xx_hal_i2c.o
 .text.I2C_WaitOnBTFFlagUntilTimeout
                0x08002020       0x90 ./Drivers/STM32F1xx_HAL_Driver/Src/stm32f1xx_hal_i2c.o
 .text.I2C_IsAcknowledgeFailed
                0x080020b0       0x5c ./Drivers/STM32F1xx_HAL_Driver/Src/stm32f1xx_hal_i2c.o
 .text.HAL_RCC_OscConfig
                0x0800210c      0x504 ./Drivers/STM32F1xx_HAL_Driver/Src/stm32f1xx_hal_rcc.o
                0x0800210c                HAL_RCC_OscConfig
 .text.HAL_RCC_ClockConfig
                0x08002610      0x1d4 ./Drivers/STM32F1xx_HAL_Driver/Src/stm32f1xx_hal_rcc.o
                0x08002610                HAL_RCC_ClockConfig
 .text.HAL_RCC_GetSysClockFreq
                0x080027e4       0xa8 ./Drivers/STM32F1xx_HAL_Driver/Src/stm32f1xx_hal_rcc.o
                0x080027e4                HAL_RCC_GetSysClockFreq
 .text.HAL_RCC_GetHCLKFreq
                0x0800288c       0x14 ./Drivers/STM32F1xx_HAL_Driver/Src/stm32f1xx_hal_rcc.o
                0x0800288c                HAL_RCC_GetHCLKFreq
 .text.HAL_RCC_GetPCLK1Freq
                0x080028a0       0x28 ./Drivers/STM32F1xx_HAL_Driver/Src/stm32f1xx_hal_rcc.o
                0x080028a0                HAL_RCC_GetPCLK1Freq
 .text.RCC_Delay
                0x080028c8       0x3c ./Drivers/STM32F1xx_HAL_Driver/Src/stm32f1xx_hal_rcc.o
 .text.HAL_TIM_Base_Init
                0x08002904       0x9e ./Drivers/STM32F1xx_HAL_Driver/Src/stm32f1xx_hal_tim.o
                0x08002904                HAL_TIM_Base_Init
 *fill*         0x080029a2        0x2 
 .text.HAL_TIM_Base_Start
                0x080029a4       0x94 ./Drivers/STM32F1xx_HAL_Driver/Src/stm32f1xx_hal_tim.o
                0x080029a4                HAL_TIM_Base_Start
 .text.HAL_TIM_PWM_Init
                0x08002a38       0x9e ./Drivers/STM32F1xx_HAL_Driver/Src/stm32f1xx_hal_tim.o
                0x08002a38                HAL_TIM_PWM_Init
 .text.HAL_TIM_PWM_MspInit
                0x08002ad6       0x12 ./Drivers/STM32F1xx_HAL_Driver/Src/stm32f1xx_hal_tim.o
                0x08002ad6                HAL_TIM_PWM_MspInit
 .text.HAL_TIM_PWM_Start
                0x08002ae8      0x144 ./Drivers/STM32F1xx_HAL_Driver/Src/stm32f1xx_hal_tim.o
                0x08002ae8                HAL_TIM_PWM_Start
 .text.HAL_TIM_IC_Init
                0x08002c2c       0x9e ./Drivers/STM32F1xx_HAL_Driver/Src/stm32f1xx_hal_tim.o
                0x08002c2c                HAL_TIM_IC_Init
 .text.HAL_TIM_IC_MspInit
                0x08002cca       0x12 ./Drivers/STM32F1xx_HAL_Driver/Src/stm32f1xx_hal_tim.o
                0x08002cca                HAL_TIM_IC_MspInit
 .text.HAL_TIM_Encoder_Start_IT
                0x08002cdc      0x15c ./Drivers/STM32F1xx_HAL_Driver/Src/stm32f1xx_hal_tim.o
                0x08002cdc                HAL_TIM_Encoder_Start_IT
 .text.HAL_TIM_IRQHandler
                0x08002e38      0x1e0 ./Drivers/STM32F1xx_HAL_Driver/Src/stm32f1xx_hal_tim.o
                0x08002e38                HAL_TIM_IRQHandler
 .text.HAL_TIM_IC_ConfigChannel
                0x08003018      0x138 ./Drivers/STM32F1xx_HAL_Driver/Src/stm32f1xx_hal_tim.o
                0x08003018                HAL_TIM_IC_ConfigChannel
 .text.HAL_TIM_PWM_ConfigChannel
                0x08003150      0x184 ./Drivers/STM32F1xx_HAL_Driver/Src/stm32f1xx_hal_tim.o
                0x08003150                HAL_TIM_PWM_ConfigChannel
 .text.HAL_TIM_ConfigClockSource
                0x080032d4      0x18e ./Drivers/STM32F1xx_HAL_Driver/Src/stm32f1xx_hal_tim.o
                0x080032d4                HAL_TIM_ConfigClockSource
 .text.HAL_TIM_PeriodElapsedCallback
                0x08003462       0x12 ./Drivers/STM32F1xx_HAL_Driver/Src/stm32f1xx_hal_tim.o
                0x08003462                HAL_TIM_PeriodElapsedCallback
 .text.HAL_TIM_OC_DelayElapsedCallback
                0x08003474       0x12 ./Drivers/STM32F1xx_HAL_Driver/Src/stm32f1xx_hal_tim.o
                0x08003474                HAL_TIM_OC_DelayElapsedCallback
 .text.HAL_TIM_PWM_PulseFinishedCallback
                0x08003486       0x12 ./Drivers/STM32F1xx_HAL_Driver/Src/stm32f1xx_hal_tim.o
                0x08003486                HAL_TIM_PWM_PulseFinishedCallback
 .text.HAL_TIM_TriggerCallback
                0x08003498       0x12 ./Drivers/STM32F1xx_HAL_Driver/Src/stm32f1xx_hal_tim.o
                0x08003498                HAL_TIM_TriggerCallback
 *fill*         0x080034aa        0x2 
 .text.TIM_Base_SetConfig
                0x080034ac       0xdc ./Drivers/STM32F1xx_HAL_Driver/Src/stm32f1xx_hal_tim.o
                0x080034ac                TIM_Base_SetConfig
 .text.TIM_OC1_SetConfig
                0x08003588       0xcc ./Drivers/STM32F1xx_HAL_Driver/Src/stm32f1xx_hal_tim.o
 .text.TIM_OC2_SetConfig
                0x08003654       0xd4 ./Drivers/STM32F1xx_HAL_Driver/Src/stm32f1xx_hal_tim.o
                0x08003654                TIM_OC2_SetConfig
 .text.TIM_OC3_SetConfig
                0x08003728       0xd4 ./Drivers/STM32F1xx_HAL_Driver/Src/stm32f1xx_hal_tim.o
 .text.TIM_OC4_SetConfig
                0x080037fc       0x9c ./Drivers/STM32F1xx_HAL_Driver/Src/stm32f1xx_hal_tim.o
 .text.TIM_TI1_SetConfig
                0x08003898       0xb4 ./Drivers/STM32F1xx_HAL_Driver/Src/stm32f1xx_hal_tim.o
                0x08003898                TIM_TI1_SetConfig
 .text.TIM_TI1_ConfigInputStage
                0x0800394c       0x5c ./Drivers/STM32F1xx_HAL_Driver/Src/stm32f1xx_hal_tim.o
 .text.TIM_TI2_SetConfig
                0x080039a8       0x78 ./Drivers/STM32F1xx_HAL_Driver/Src/stm32f1xx_hal_tim.o
 .text.TIM_TI2_ConfigInputStage
                0x08003a20       0x5e ./Drivers/STM32F1xx_HAL_Driver/Src/stm32f1xx_hal_tim.o
 .text.TIM_TI3_SetConfig
                0x08003a7e       0x76 ./Drivers/STM32F1xx_HAL_Driver/Src/stm32f1xx_hal_tim.o
 .text.TIM_TI4_SetConfig
                0x08003af4       0x78 ./Drivers/STM32F1xx_HAL_Driver/Src/stm32f1xx_hal_tim.o
 .text.TIM_ITRx_SetConfig
                0x08003b6c       0x34 ./Drivers/STM32F1xx_HAL_Driver/Src/stm32f1xx_hal_tim.o
 .text.TIM_ETR_SetConfig
                0x08003ba0       0x3e ./Drivers/STM32F1xx_HAL_Driver/Src/stm32f1xx_hal_tim.o
                0x08003ba0                TIM_ETR_SetConfig
 .text.TIM_CCxChannelCmd
                0x08003bde       0x48 ./Drivers/STM32F1xx_HAL_Driver/Src/stm32f1xx_hal_tim.o
                0x08003bde                TIM_CCxChannelCmd
 *fill*         0x08003c26        0x2 
 .text.HAL_TIMEx_MasterConfigSynchronization
                0x08003c28       0xbc ./Drivers/STM32F1xx_HAL_Driver/Src/stm32f1xx_hal_tim_ex.o
                0x08003c28                HAL_TIMEx_MasterConfigSynchronization
 .text.HAL_TIMEx_ConfigBreakDeadTime
                0x08003ce4       0xa2 ./Drivers/STM32F1xx_HAL_Driver/Src/stm32f1xx_hal_tim_ex.o
                0x08003ce4                HAL_TIMEx_ConfigBreakDeadTime
 .text.HAL_TIMEx_CommutCallback
                0x08003d86       0x12 ./Drivers/STM32F1xx_HAL_Driver/Src/stm32f1xx_hal_tim_ex.o
                0x08003d86                HAL_TIMEx_CommutCallback
 .text.HAL_TIMEx_BreakCallback
                0x08003d98       0x12 ./Drivers/STM32F1xx_HAL_Driver/Src/stm32f1xx_hal_tim_ex.o
                0x08003d98                HAL_TIMEx_BreakCallback
 .text.memset   0x08003daa       0x10 C:/ST/STM32CubeIDE_1.15.1/STM32CubeIDE/plugins/com.st.stm32cube.ide.mcu.externaltools.gnu-tools-for-stm32.12.3.rel1.win32_1.0.100.202403111256/tools/bin/../lib/gcc/arm-none-eabi/12.3.1/../../../../arm-none-eabi/lib/thumb/v7-m/nofp\libc_nano.a(libc_a-memset.o)
                0x08003daa                memset
 *fill*         0x08003dba        0x2 
 .text.__libc_init_array
                0x08003dbc       0x48 C:/ST/STM32CubeIDE_1.15.1/STM32CubeIDE/plugins/com.st.stm32cube.ide.mcu.externaltools.gnu-tools-for-stm32.12.3.rel1.win32_1.0.100.202403111256/tools/bin/../lib/gcc/arm-none-eabi/12.3.1/../../../../arm-none-eabi/lib/thumb/v7-m/nofp\libc_nano.a(libc_a-init.o)
                0x08003dbc                __libc_init_array
 *(.glue_7)
 .glue_7        0x08003e04        0x0 linker stubs
 *(.glue_7t)
 .glue_7t       0x08003e04        0x0 linker stubs
 *(.eh_frame)
 .eh_frame      0x08003e04        0x0 C:/ST/STM32CubeIDE_1.15.1/STM32CubeIDE/plugins/com.st.stm32cube.ide.mcu.externaltools.gnu-tools-for-stm32.12.3.rel1.win32_1.0.100.202403111256/tools/bin/../lib/gcc/arm-none-eabi/12.3.1/thumb/v7-m/nofp/crtbegin.o
 *(.init)
 .init          0x08003e04        0x4 C:/ST/STM32CubeIDE_1.15.1/STM32CubeIDE/plugins/com.st.stm32cube.ide.mcu.externaltools.gnu-tools-for-stm32.12.3.rel1.win32_1.0.100.202403111256/tools/bin/../lib/gcc/arm-none-eabi/12.3.1/thumb/v7-m/nofp/crti.o
                0x08003e04                _init
 .init          0x08003e08        0x8 C:/ST/STM32CubeIDE_1.15.1/STM32CubeIDE/plugins/com.st.stm32cube.ide.mcu.externaltools.gnu-tools-for-stm32.12.3.rel1.win32_1.0.100.202403111256/tools/bin/../lib/gcc/arm-none-eabi/12.3.1/thumb/v7-m/nofp/crtn.o
 *(.fini)
 .fini          0x08003e10        0x4 C:/ST/STM32CubeIDE_1.15.1/STM32CubeIDE/plugins/com.st.stm32cube.ide.mcu.externaltools.gnu-tools-for-stm32.12.3.rel1.win32_1.0.100.202403111256/tools/bin/../lib/gcc/arm-none-eabi/12.3.1/thumb/v7-m/nofp/crti.o
                0x08003e10                _fini
 .fini          0x08003e14        0x8 C:/ST/STM32CubeIDE_1.15.1/STM32CubeIDE/plugins/com.st.stm32cube.ide.mcu.externaltools.gnu-tools-for-stm32.12.3.rel1.win32_1.0.100.202403111256/tools/bin/../lib/gcc/arm-none-eabi/12.3.1/thumb/v7-m/nofp/crtn.o
                0x08003e1c                        . = ALIGN (0x4)
                0x08003e1c                        _etext = .

.vfp11_veneer   0x08003e1c        0x0
 .vfp11_veneer  0x08003e1c        0x0 linker stubs

.v4_bx          0x08003e1c        0x0
 .v4_bx         0x08003e1c        0x0 linker stubs

.iplt           0x08003e1c        0x0
 .iplt          0x08003e1c        0x0 C:/ST/STM32CubeIDE_1.15.1/STM32CubeIDE/plugins/com.st.stm32cube.ide.mcu.externaltools.gnu-tools-for-stm32.12.3.rel1.win32_1.0.100.202403111256/tools/bin/../lib/gcc/arm-none-eabi/12.3.1/thumb/v7-m/nofp/crtbegin.o

.rodata         0x08003e1c       0x44
                0x08003e1c                        . = ALIGN (0x4)
 *(.rodata)
 .rodata        0x08003e1c       0x16 ./Core/Src/main.o
 *(.rodata*)
 *fill*         0x08003e32        0x2 
 .rodata.AHBPrescTable
                0x08003e34       0x10 ./Core/Src/system_stm32f1xx.o
                0x08003e34                AHBPrescTable
 .rodata.APBPrescTable
                0x08003e44        0x8 ./Core/Src/system_stm32f1xx.o
                0x08003e44                APBPrescTable
 .rodata.aPLLMULFactorTable.1
                0x08003e4c       0x10 ./Drivers/STM32F1xx_HAL_Driver/Src/stm32f1xx_hal_rcc.o
 .rodata.aPredivFactorTable.0
                0x08003e5c        0x2 ./Drivers/STM32F1xx_HAL_Driver/Src/stm32f1xx_hal_rcc.o
                0x08003e60                        . = ALIGN (0x4)
 *fill*         0x08003e5e        0x2 

.ARM.extab      0x08003e60        0x0
                0x08003e60                        . = ALIGN (0x4)
 *(.ARM.extab* .gnu.linkonce.armextab.*)
                0x08003e60                        . = ALIGN (0x4)

.ARM            0x08003e60        0x0
                0x08003e60                        . = ALIGN (0x4)
                0x08003e60                        __exidx_start = .
 *(.ARM.exidx*)
                0x08003e60                        __exidx_end = .
                0x08003e60                        . = ALIGN (0x4)

.preinit_array  0x08003e60        0x0
                0x08003e60                        . = ALIGN (0x4)
                0x08003e60                        PROVIDE (__preinit_array_start = .)
 *(.preinit_array*)
                0x08003e60                        PROVIDE (__preinit_array_end = .)
                0x08003e60                        . = ALIGN (0x4)

.init_array     0x08003e60        0x4
                0x08003e60                        . = ALIGN (0x4)
                0x08003e60                        PROVIDE (__init_array_start = .)
 *(SORT_BY_NAME(.init_array.*))
 *(.init_array*)
 .init_array    0x08003e60        0x4 C:/ST/STM32CubeIDE_1.15.1/STM32CubeIDE/plugins/com.st.stm32cube.ide.mcu.externaltools.gnu-tools-for-stm32.12.3.rel1.win32_1.0.100.202403111256/tools/bin/../lib/gcc/arm-none-eabi/12.3.1/thumb/v7-m/nofp/crtbegin.o
                0x08003e64                        PROVIDE (__init_array_end = .)
                0x08003e64                        . = ALIGN (0x4)

.fini_array     0x08003e64        0x4
                0x08003e64                        . = ALIGN (0x4)
                [!provide]                        PROVIDE (__fini_array_start = .)
 *(SORT_BY_NAME(.fini_array.*))
 *(.fini_array*)
 .fini_array    0x08003e64        0x4 C:/ST/STM32CubeIDE_1.15.1/STM32CubeIDE/plugins/com.st.stm32cube.ide.mcu.externaltools.gnu-tools-for-stm32.12.3.rel1.win32_1.0.100.202403111256/tools/bin/../lib/gcc/arm-none-eabi/12.3.1/thumb/v7-m/nofp/crtbegin.o
                [!provide]                        PROVIDE (__fini_array_end = .)
                0x08003e68                        . = ALIGN (0x4)
                0x08003e68                        _sidata = LOADADDR (.data)

.rel.dyn        0x08003e68        0x0
 .rel.iplt      0x08003e68        0x0 C:/ST/STM32CubeIDE_1.15.1/STM32CubeIDE/plugins/com.st.stm32cube.ide.mcu.externaltools.gnu-tools-for-stm32.12.3.rel1.win32_1.0.100.202403111256/tools/bin/../lib/gcc/arm-none-eabi/12.3.1/thumb/v7-m/nofp/crtbegin.o

.data           0x20000000       0x10 load address 0x08003e68
                0x20000000                        . = ALIGN (0x4)
                0x20000000                        _sdata = .
 *(.data)
 *(.data*)
 .data.scale_rpm
                0x20000000        0x4 ./Core/Src/main.o
                0x20000000                scale_rpm
 .data.SystemCoreClock
                0x20000004        0x4 ./Core/Src/system_stm32f1xx.o
                0x20000004                SystemCoreClock
 .data.uwTickPrio
                0x20000008        0x4 ./Drivers/STM32F1xx_HAL_Driver/Src/stm32f1xx_hal.o
                0x20000008                uwTickPrio
 .data.uwTickFreq
                0x2000000c        0x1 ./Drivers/STM32F1xx_HAL_Driver/Src/stm32f1xx_hal.o
                0x2000000c                uwTickFreq
 *(.RamFunc)
 *(.RamFunc*)
                0x20000010                        . = ALIGN (0x4)
 *fill*         0x2000000d        0x3 
                0x20000010                        _edata = .

.igot.plt       0x20000010        0x0 load address 0x08003e78
 .igot.plt      0x20000010        0x0 C:/ST/STM32CubeIDE_1.15.1/STM32CubeIDE/plugins/com.st.stm32cube.ide.mcu.externaltools.gnu-tools-for-stm32.12.3.rel1.win32_1.0.100.202403111256/tools/bin/../lib/gcc/arm-none-eabi/12.3.1/thumb/v7-m/nofp/crtbegin.o
                0x20000010                        . = ALIGN (0x4)

.bss            0x20000010      0x138 load address 0x08003e78
                0x20000010                        _sbss = .
                0x20000010                        __bss_start__ = _sbss
 *(.bss)
 .bss           0x20000010       0x1c C:/ST/STM32CubeIDE_1.15.1/STM32CubeIDE/plugins/com.st.stm32cube.ide.mcu.externaltools.gnu-tools-for-stm32.12.3.rel1.win32_1.0.100.202403111256/tools/bin/../lib/gcc/arm-none-eabi/12.3.1/thumb/v7-m/nofp/crtbegin.o
 *(.bss*)
 .bss.hi2c1     0x2000002c       0x54 ./Core/Src/i2c.o
                0x2000002c                hi2c1
 .bss.duty      0x20000080        0x4 ./Core/Src/main.o
                0x20000080                duty
 .bss.inputduty
                0x20000084        0x4 ./Core/Src/main.o
                0x20000084                inputduty
 .bss.counter   0x20000088        0x4 ./Core/Src/main.o
                0x20000088                counter
 .bss.speed     0x2000008c        0x4 ./Core/Src/main.o
                0x2000008c                speed
 .bss.rpm       0x20000090        0x4 ./Core/Src/main.o
                0x20000090                rpm
 .bss.encoder   0x20000094       0x18 ./Core/Src/rotary_encoder.o
 .bss.count     0x200000ac        0x4 ./Core/Src/stm32f1xx_it.o
                0x200000ac                count
 .bss.oldcounter
                0x200000b0        0x4 ./Core/Src/stm32f1xx_it.o
                0x200000b0                oldcounter
 .bss.htim1     0x200000b4       0x48 ./Core/Src/tim.o
                0x200000b4                htim1
 .bss.htim2     0x200000fc       0x48 ./Core/Src/tim.o
                0x200000fc                htim2
 .bss.uwTick    0x20000144        0x4 ./Drivers/STM32F1xx_HAL_Driver/Src/stm32f1xx_hal.o
                0x20000144                uwTick
 *(COMMON)
                0x20000148                        . = ALIGN (0x4)
                0x20000148                        _ebss = .
                0x20000148                        __bss_end__ = _ebss

._user_heap_stack
                0x20000148      0x600 load address 0x08003e78
                0x20000148                        . = ALIGN (0x8)
                [!provide]                        PROVIDE (end = .)
                0x20000148                        PROVIDE (_end = .)
                0x20000348                        . = (. + _Min_Heap_Size)
 *fill*         0x20000148      0x200 
                0x20000748                        . = (. + _Min_Stack_Size)
 *fill*         0x20000348      0x400 
                0x20000748                        . = ALIGN (0x8)

/DISCARD/
 libc.a(*)
 libm.a(*)
 libgcc.a(*)

.ARM.attributes
                0x00000000       0x29
 *(.ARM.attributes)
 .ARM.attributes
                0x00000000       0x1d C:/ST/STM32CubeIDE_1.15.1/STM32CubeIDE/plugins/com.st.stm32cube.ide.mcu.externaltools.gnu-tools-for-stm32.12.3.rel1.win32_1.0.100.202403111256/tools/bin/../lib/gcc/arm-none-eabi/12.3.1/thumb/v7-m/nofp/crti.o
 .ARM.attributes
                0x0000001d       0x2d C:/ST/STM32CubeIDE_1.15.1/STM32CubeIDE/plugins/com.st.stm32cube.ide.mcu.externaltools.gnu-tools-for-stm32.12.3.rel1.win32_1.0.100.202403111256/tools/bin/../lib/gcc/arm-none-eabi/12.3.1/thumb/v7-m/nofp/crtbegin.o
 .ARM.attributes
                0x0000004a       0x2d ./Core/Src/gpio.o
 .ARM.attributes
                0x00000077       0x2d ./Core/Src/i2c-lcd.o
 .ARM.attributes
                0x000000a4       0x2d ./Core/Src/i2c.o
 .ARM.attributes
                0x000000d1       0x2d ./Core/Src/main.o
 .ARM.attributes
                0x000000fe       0x2d ./Core/Src/rotary_encoder.o
 .ARM.attributes
                0x0000012b       0x2d ./Core/Src/stm32f1xx_hal_msp.o
 .ARM.attributes
                0x00000158       0x2d ./Core/Src/stm32f1xx_it.o
 .ARM.attributes
                0x00000185       0x2d ./Core/Src/system_stm32f1xx.o
 .ARM.attributes
                0x000001b2       0x2d ./Core/Src/tim.o
 .ARM.attributes
                0x000001df       0x21 ./Core/Startup/startup_stm32f103c8tx.o
 .ARM.attributes
                0x00000200       0x2d ./Drivers/STM32F1xx_HAL_Driver/Src/stm32f1xx_hal.o
 .ARM.attributes
                0x0000022d       0x2d ./Drivers/STM32F1xx_HAL_Driver/Src/stm32f1xx_hal_cortex.o
 .ARM.attributes
                0x0000025a       0x2d ./Drivers/STM32F1xx_HAL_Driver/Src/stm32f1xx_hal_gpio.o
 .ARM.attributes
                0x00000287       0x2d ./Drivers/STM32F1xx_HAL_Driver/Src/stm32f1xx_hal_i2c.o
 .ARM.attributes
                0x000002b4       0x2d ./Drivers/STM32F1xx_HAL_Driver/Src/stm32f1xx_hal_rcc.o
 .ARM.attributes
                0x000002e1       0x2d ./Drivers/STM32F1xx_HAL_Driver/Src/stm32f1xx_hal_tim.o
 .ARM.attributes
                0x0000030e       0x2d ./Drivers/STM32F1xx_HAL_Driver/Src/stm32f1xx_hal_tim_ex.o
 .ARM.attributes
                0x0000033b       0x2d C:/ST/STM32CubeIDE_1.15.1/STM32CubeIDE/plugins/com.st.stm32cube.ide.mcu.externaltools.gnu-tools-for-stm32.12.3.rel1.win32_1.0.100.202403111256/tools/bin/../lib/gcc/arm-none-eabi/12.3.1/../../../../arm-none-eabi/lib/thumb/v7-m/nofp\libc_nano.a(libc_a-memset.o)
 .ARM.attributes
                0x00000368       0x2d C:/ST/STM32CubeIDE_1.15.1/STM32CubeIDE/plugins/com.st.stm32cube.ide.mcu.externaltools.gnu-tools-for-stm32.12.3.rel1.win32_1.0.100.202403111256/tools/bin/../lib/gcc/arm-none-eabi/12.3.1/../../../../arm-none-eabi/lib/thumb/v7-m/nofp\libc_nano.a(libc_a-init.o)
 .ARM.attributes
                0x00000395       0x1d C:/ST/STM32CubeIDE_1.15.1/STM32CubeIDE/plugins/com.st.stm32cube.ide.mcu.externaltools.gnu-tools-for-stm32.12.3.rel1.win32_1.0.100.202403111256/tools/bin/../lib/gcc/arm-none-eabi/12.3.1/thumb/v7-m/nofp\libgcc.a(_arm_addsubsf3.o)
 .ARM.attributes
                0x000003b2       0x1d C:/ST/STM32CubeIDE_1.15.1/STM32CubeIDE/plugins/com.st.stm32cube.ide.mcu.externaltools.gnu-tools-for-stm32.12.3.rel1.win32_1.0.100.202403111256/tools/bin/../lib/gcc/arm-none-eabi/12.3.1/thumb/v7-m/nofp\libgcc.a(_arm_muldivsf3.o)
 .ARM.attributes
                0x000003cf       0x1d C:/ST/STM32CubeIDE_1.15.1/STM32CubeIDE/plugins/com.st.stm32cube.ide.mcu.externaltools.gnu-tools-for-stm32.12.3.rel1.win32_1.0.100.202403111256/tools/bin/../lib/gcc/arm-none-eabi/12.3.1/thumb/v7-m/nofp\libgcc.a(_arm_fixsfsi.o)
 .ARM.attributes
                0x000003ec       0x1d C:/ST/STM32CubeIDE_1.15.1/STM32CubeIDE/plugins/com.st.stm32cube.ide.mcu.externaltools.gnu-tools-for-stm32.12.3.rel1.win32_1.0.100.202403111256/tools/bin/../lib/gcc/arm-none-eabi/12.3.1/thumb/v7-m/nofp\libgcc.a(_arm_fixunssfsi.o)
 .ARM.attributes
                0x00000409       0x1d C:/ST/STM32CubeIDE_1.15.1/STM32CubeIDE/plugins/com.st.stm32cube.ide.mcu.externaltools.gnu-tools-for-stm32.12.3.rel1.win32_1.0.100.202403111256/tools/bin/../lib/gcc/arm-none-eabi/12.3.1/thumb/v7-m/nofp/crtn.o
OUTPUT(TA_Final.elf elf32-littlearm)
LOAD linker stubs
LOAD C:/ST/STM32CubeIDE_1.15.1/STM32CubeIDE/plugins/com.st.stm32cube.ide.mcu.externaltools.gnu-tools-for-stm32.12.3.rel1.win32_1.0.100.202403111256/tools/bin/../lib/gcc/arm-none-eabi/12.3.1/../../../../arm-none-eabi/lib/thumb/v7-m/nofp\libc.a
LOAD C:/ST/STM32CubeIDE_1.15.1/STM32CubeIDE/plugins/com.st.stm32cube.ide.mcu.externaltools.gnu-tools-for-stm32.12.3.rel1.win32_1.0.100.202403111256/tools/bin/../lib/gcc/arm-none-eabi/12.3.1/../../../../arm-none-eabi/lib/thumb/v7-m/nofp\libm.a
LOAD C:/ST/STM32CubeIDE_1.15.1/STM32CubeIDE/plugins/com.st.stm32cube.ide.mcu.externaltools.gnu-tools-for-stm32.12.3.rel1.win32_1.0.100.202403111256/tools/bin/../lib/gcc/arm-none-eabi/12.3.1/thumb/v7-m/nofp\libgcc.a

.debug_info     0x00000000     0xbc10
 .debug_info    0x00000000      0x3f5 ./Core/Src/gpio.o
 .debug_info    0x000003f5      0x7a9 ./Core/Src/i2c-lcd.o
 .debug_info    0x00000b9e      0x7e3 ./Core/Src/i2c.o
 .debug_info    0x00001381      0xa10 ./Core/Src/main.o
 .debug_info    0x00001d91      0x32d ./Core/Src/rotary_encoder.o
 .debug_info    0x000020be      0x1f1 ./Core/Src/stm32f1xx_hal_msp.o
 .debug_info    0x000022af      0x753 ./Core/Src/stm32f1xx_it.o
 .debug_info    0x00002a02      0x222 ./Core/Src/system_stm32f1xx.o
 .debug_info    0x00002c24      0xd99 ./Core/Src/tim.o
 .debug_info    0x000039bd       0x30 ./Core/Startup/startup_stm32f103c8tx.o
 .debug_info    0x000039ed      0x704 ./Drivers/STM32F1xx_HAL_Driver/Src/stm32f1xx_hal.o
 .debug_info    0x000040f1      0xa87 ./Drivers/STM32F1xx_HAL_Driver/Src/stm32f1xx_hal_cortex.o
 .debug_info    0x00004b78      0x5ab ./Drivers/STM32F1xx_HAL_Driver/Src/stm32f1xx_hal_gpio.o
 .debug_info    0x00005123     0x2524 ./Drivers/STM32F1xx_HAL_Driver/Src/stm32f1xx_hal_i2c.o
 .debug_info    0x00007647      0x7d5 ./Drivers/STM32F1xx_HAL_Driver/Src/stm32f1xx_hal_rcc.o
 .debug_info    0x00007e1c     0x2959 ./Drivers/STM32F1xx_HAL_Driver/Src/stm32f1xx_hal_tim.o
 .debug_info    0x0000a775     0x149b ./Drivers/STM32F1xx_HAL_Driver/Src/stm32f1xx_hal_tim_ex.o

.debug_abbrev   0x00000000     0x20e6
 .debug_abbrev  0x00000000      0x15e ./Core/Src/gpio.o
 .debug_abbrev  0x0000015e      0x214 ./Core/Src/i2c-lcd.o
 .debug_abbrev  0x00000372      0x1de ./Core/Src/i2c.o
 .debug_abbrev  0x00000550      0x272 ./Core/Src/main.o
 .debug_abbrev  0x000007c2      0x1a6 ./Core/Src/rotary_encoder.o
 .debug_abbrev  0x00000968       0xdb ./Core/Src/stm32f1xx_hal_msp.o
 .debug_abbrev  0x00000a43      0x1e7 ./Core/Src/stm32f1xx_it.o
 .debug_abbrev  0x00000c2a      0x13f ./Core/Src/system_stm32f1xx.o
 .debug_abbrev  0x00000d69      0x247 ./Core/Src/tim.o
 .debug_abbrev  0x00000fb0       0x24 ./Core/Startup/startup_stm32f103c8tx.o
 .debug_abbrev  0x00000fd4      0x201 ./Drivers/STM32F1xx_HAL_Driver/Src/stm32f1xx_hal.o
 .debug_abbrev  0x000011d5      0x2f8 ./Drivers/STM32F1xx_HAL_Driver/Src/stm32f1xx_hal_cortex.o
 .debug_abbrev  0x000014cd      0x1ca ./Drivers/STM32F1xx_HAL_Driver/Src/stm32f1xx_hal_gpio.o
 .debug_abbrev  0x00001697      0x2a3 ./Drivers/STM32F1xx_HAL_Driver/Src/stm32f1xx_hal_i2c.o
 .debug_abbrev  0x0000193a      0x2b3 ./Drivers/STM32F1xx_HAL_Driver/Src/stm32f1xx_hal_rcc.o
 .debug_abbrev  0x00001bed      0x277 ./Drivers/STM32F1xx_HAL_Driver/Src/stm32f1xx_hal_tim.o
 .debug_abbrev  0x00001e64      0x282 ./Drivers/STM32F1xx_HAL_Driver/Src/stm32f1xx_hal_tim_ex.o

.debug_aranges  0x00000000      0xcf0
 .debug_aranges
                0x00000000       0x20 ./Core/Src/gpio.o
 .debug_aranges
                0x00000020       0x50 ./Core/Src/i2c-lcd.o
 .debug_aranges
                0x00000070       0x30 ./Core/Src/i2c.o
 .debug_aranges
                0x000000a0       0x38 ./Core/Src/main.o
 .debug_aranges
                0x000000d8       0x40 ./Core/Src/rotary_encoder.o
 .debug_aranges
                0x00000118       0x20 ./Core/Src/stm32f1xx_hal_msp.o
 .debug_aranges
                0x00000138       0x80 ./Core/Src/stm32f1xx_it.o
 .debug_aranges
                0x000001b8       0x28 ./Core/Src/system_stm32f1xx.o
 .debug_aranges
                0x000001e0       0x40 ./Core/Src/tim.o
 .debug_aranges
                0x00000220       0x28 ./Core/Startup/startup_stm32f103c8tx.o
 .debug_aranges
                0x00000248       0xe0 ./Drivers/STM32F1xx_HAL_Driver/Src/stm32f1xx_hal.o
 .debug_aranges
                0x00000328      0x100 ./Drivers/STM32F1xx_HAL_Driver/Src/stm32f1xx_hal_cortex.o
 .debug_aranges
                0x00000428       0x58 ./Drivers/STM32F1xx_HAL_Driver/Src/stm32f1xx_hal_gpio.o
 .debug_aranges
                0x00000480      0x2a8 ./Drivers/STM32F1xx_HAL_Driver/Src/stm32f1xx_hal_i2c.o
 .debug_aranges
                0x00000728       0x90 ./Drivers/STM32F1xx_HAL_Driver/Src/stm32f1xx_hal_rcc.o
 .debug_aranges
                0x000007b8      0x3d0 ./Drivers/STM32F1xx_HAL_Driver/Src/stm32f1xx_hal_tim.o
 .debug_aranges
                0x00000b88      0x168 ./Drivers/STM32F1xx_HAL_Driver/Src/stm32f1xx_hal_tim_ex.o

.debug_rnglists
                0x00000000      0xa12
 .debug_rnglists
                0x00000000       0x14 ./Core/Src/gpio.o
 .debug_rnglists
                0x00000014       0x38 ./Core/Src/i2c-lcd.o
 .debug_rnglists
                0x0000004c       0x1f ./Core/Src/i2c.o
 .debug_rnglists
                0x0000006b       0x27 ./Core/Src/main.o
 .debug_rnglists
                0x00000092       0x2c ./Core/Src/rotary_encoder.o
 .debug_rnglists
                0x000000be       0x13 ./Core/Src/stm32f1xx_hal_msp.o
 .debug_rnglists
                0x000000d1       0x5c ./Core/Src/stm32f1xx_it.o
 .debug_rnglists
                0x0000012d       0x1a ./Core/Src/system_stm32f1xx.o
 .debug_rnglists
                0x00000147       0x2e ./Core/Src/tim.o
 .debug_rnglists
                0x00000175       0x19 ./Core/Startup/startup_stm32f103c8tx.o
 .debug_rnglists
                0x0000018e       0xa3 ./Drivers/STM32F1xx_HAL_Driver/Src/stm32f1xx_hal.o
 .debug_rnglists
                0x00000231       0xbb ./Drivers/STM32F1xx_HAL_Driver/Src/stm32f1xx_hal_cortex.o
 .debug_rnglists
                0x000002ec       0x3f ./Drivers/STM32F1xx_HAL_Driver/Src/stm32f1xx_hal_gpio.o
 .debug_rnglists
                0x0000032b      0x23c ./Drivers/STM32F1xx_HAL_Driver/Src/stm32f1xx_hal_i2c.o
 .debug_rnglists
                0x00000567       0x6c ./Drivers/STM32F1xx_HAL_Driver/Src/stm32f1xx_hal_rcc.o
 .debug_rnglists
                0x000005d3      0x31a ./Drivers/STM32F1xx_HAL_Driver/Src/stm32f1xx_hal_tim.o
 .debug_rnglists
                0x000008ed      0x125 ./Drivers/STM32F1xx_HAL_Driver/Src/stm32f1xx_hal_tim_ex.o

.debug_macro    0x00000000    0x17d12
 .debug_macro   0x00000000      0x1b7 ./Core/Src/gpio.o
 .debug_macro   0x000001b7      0xaa8 ./Core/Src/gpio.o
 .debug_macro   0x00000c5f      0x21b ./Core/Src/gpio.o
 .debug_macro   0x00000e7a       0x2e ./Core/Src/gpio.o
 .debug_macro   0x00000ea8       0x22 ./Core/Src/gpio.o
 .debug_macro   0x00000eca       0x22 ./Core/Src/gpio.o
 .debug_macro   0x00000eec       0x8e ./Core/Src/gpio.o
 .debug_macro   0x00000f7a       0x51 ./Core/Src/gpio.o
 .debug_macro   0x00000fcb      0x103 ./Core/Src/gpio.o
 .debug_macro   0x000010ce       0x6a ./Core/Src/gpio.o
 .debug_macro   0x00001138      0x1df ./Core/Src/gpio.o
 .debug_macro   0x00001317       0x1c ./Core/Src/gpio.o
 .debug_macro   0x00001333       0x22 ./Core/Src/gpio.o
 .debug_macro   0x00001355       0xbd ./Core/Src/gpio.o
 .debug_macro   0x00001412      0xd23 ./Core/Src/gpio.o
 .debug_macro   0x00002135     0xe09e ./Core/Src/gpio.o
 .debug_macro   0x000101d3       0x6d ./Core/Src/gpio.o
 .debug_macro   0x00010240     0x34a2 ./Core/Src/gpio.o
 .debug_macro   0x000136e2      0x189 ./Core/Src/gpio.o
 .debug_macro   0x0001386b       0x5c ./Core/Src/gpio.o
 .debug_macro   0x000138c7      0x5bc ./Core/Src/gpio.o
 .debug_macro   0x00013e83      0x289 ./Core/Src/gpio.o
 .debug_macro   0x0001410c      0x1cb ./Core/Src/gpio.o
 .debug_macro   0x000142d7      0x114 ./Core/Src/gpio.o
 .debug_macro   0x000143eb      0x1b2 ./Core/Src/gpio.o
 .debug_macro   0x0001459d       0x27 ./Core/Src/gpio.o
 .debug_macro   0x000145c4      0x136 ./Core/Src/gpio.o
 .debug_macro   0x000146fa      0x1bc ./Core/Src/gpio.o
 .debug_macro   0x000148b6       0x34 ./Core/Src/gpio.o
 .debug_macro   0x000148ea       0x3c ./Core/Src/gpio.o
 .debug_macro   0x00014926       0x57 ./Core/Src/gpio.o
 .debug_macro   0x0001497d       0x87 ./Core/Src/gpio.o
 .debug_macro   0x00014a04      0x240 ./Core/Src/gpio.o
 .debug_macro   0x00014c44      0x287 ./Core/Src/gpio.o
 .debug_macro   0x00014ecb      0x140 ./Core/Src/gpio.o
 .debug_macro   0x0001500b      0x8ed ./Core/Src/gpio.o
 .debug_macro   0x000158f8       0x83 ./Core/Src/gpio.o
 .debug_macro   0x0001597b      0x285 ./Core/Src/i2c-lcd.o
 .debug_macro   0x00015c00       0x61 ./Core/Src/i2c-lcd.o
 .debug_macro   0x00015c61       0x24 ./Core/Src/i2c-lcd.o
 .debug_macro   0x00015c85       0x43 ./Core/Src/i2c-lcd.o
 .debug_macro   0x00015cc8       0x34 ./Core/Src/i2c-lcd.o
 .debug_macro   0x00015cfc       0x16 ./Core/Src/i2c-lcd.o
 .debug_macro   0x00015d12       0x43 ./Core/Src/i2c-lcd.o
 .debug_macro   0x00015d55       0x34 ./Core/Src/i2c-lcd.o
 .debug_macro   0x00015d89       0x10 ./Core/Src/i2c-lcd.o
 .debug_macro   0x00015d99       0x58 ./Core/Src/i2c-lcd.o
 .debug_macro   0x00015df1       0x8e ./Core/Src/i2c-lcd.o
 .debug_macro   0x00015e7f       0x1c ./Core/Src/i2c-lcd.o
 .debug_macro   0x00015e9b      0x177 ./Core/Src/i2c-lcd.o
 .debug_macro   0x00016012      0x369 ./Core/Src/i2c-lcd.o
 .debug_macro   0x0001637b       0x10 ./Core/Src/i2c-lcd.o
 .debug_macro   0x0001638b       0x35 ./Core/Src/i2c-lcd.o
 .debug_macro   0x000163c0       0x20 ./Core/Src/i2c-lcd.o
 .debug_macro   0x000163e0      0x1b7 ./Core/Src/i2c.o
 .debug_macro   0x00016597      0x2ab ./Core/Src/main.o
 .debug_macro   0x00016842      0x1ad ./Core/Src/rotary_encoder.o
 .debug_macro   0x000169ef      0x1ad ./Core/Src/stm32f1xx_hal_msp.o
 .debug_macro   0x00016b9c      0x1b7 ./Core/Src/stm32f1xx_it.o
 .debug_macro   0x00016d53      0x1a3 ./Core/Src/system_stm32f1xx.o
 .debug_macro   0x00016ef6      0x1b7 ./Core/Src/tim.o
 .debug_macro   0x000170ad      0x1c7 ./Drivers/STM32F1xx_HAL_Driver/Src/stm32f1xx_hal.o
 .debug_macro   0x00017274      0x1a3 ./Drivers/STM32F1xx_HAL_Driver/Src/stm32f1xx_hal_cortex.o
 .debug_macro   0x00017417      0x20e ./Drivers/STM32F1xx_HAL_Driver/Src/stm32f1xx_hal_gpio.o
 .debug_macro   0x00017625      0x1f1 ./Drivers/STM32F1xx_HAL_Driver/Src/stm32f1xx_hal_i2c.o
 .debug_macro   0x00017816      0x1b5 ./Drivers/STM32F1xx_HAL_Driver/Src/stm32f1xx_hal_rcc.o
 .debug_macro   0x000179cb      0x1a4 ./Drivers/STM32F1xx_HAL_Driver/Src/stm32f1xx_hal_tim.o
 .debug_macro   0x00017b6f      0x1a3 ./Drivers/STM32F1xx_HAL_Driver/Src/stm32f1xx_hal_tim_ex.o

.debug_line     0x00000000    0x1006e
 .debug_line    0x00000000      0x732 ./Core/Src/gpio.o
 .debug_line    0x00000732      0x97b ./Core/Src/i2c-lcd.o
 .debug_line    0x000010ad      0x769 ./Core/Src/i2c.o
 .debug_line    0x00001816      0x96e ./Core/Src/main.o
 .debug_line    0x00002184      0x7b5 ./Core/Src/rotary_encoder.o
 .debug_line    0x00002939      0x704 ./Core/Src/stm32f1xx_hal_msp.o
 .debug_line    0x0000303d      0x847 ./Core/Src/stm32f1xx_it.o
 .debug_line    0x00003884      0x782 ./Core/Src/system_stm32f1xx.o
 .debug_line    0x00004006      0x888 ./Core/Src/tim.o
 .debug_line    0x0000488e       0x78 ./Core/Startup/startup_stm32f103c8tx.o
 .debug_line    0x00004906      0x9af ./Drivers/STM32F1xx_HAL_Driver/Src/stm32f1xx_hal.o
 .debug_line    0x000052b5      0xb9b ./Drivers/STM32F1xx_HAL_Driver/Src/stm32f1xx_hal_cortex.o
 .debug_line    0x00005e50      0xa48 ./Drivers/STM32F1xx_HAL_Driver/Src/stm32f1xx_hal_gpio.o
 .debug_line    0x00006898     0x3c4c ./Drivers/STM32F1xx_HAL_Driver/Src/stm32f1xx_hal_i2c.o
 .debug_line    0x0000a4e4      0xdb8 ./Drivers/STM32F1xx_HAL_Driver/Src/stm32f1xx_hal_rcc.o
 .debug_line    0x0000b29c     0x34d4 ./Drivers/STM32F1xx_HAL_Driver/Src/stm32f1xx_hal_tim.o
 .debug_line    0x0000e770     0x18fe ./Drivers/STM32F1xx_HAL_Driver/Src/stm32f1xx_hal_tim_ex.o

.debug_str      0x00000000    0x89c9c
 .debug_str     0x00000000    0x83320 ./Core/Src/gpio.o
                              0x836d4 (size before relaxing)
 .debug_str     0x00083320     0x364e ./Core/Src/i2c-lcd.o
                              0x869d9 (size before relaxing)
 .debug_str     0x0008696e       0x81 ./Core/Src/i2c.o
                              0x838c3 (size before relaxing)
 .debug_str     0x000869ef      0x4af ./Core/Src/main.o
                              0x86c21 (size before relaxing)
 .debug_str     0x00086e9e      0x14c ./Core/Src/rotary_encoder.o
                              0x834a6 (size before relaxing)
 .debug_str     0x00086fea       0x5a ./Core/Src/stm32f1xx_hal_msp.o
                              0x83391 (size before relaxing)
 .debug_str     0x00087044      0x149 ./Core/Src/stm32f1xx_it.o
                              0x83926 (size before relaxing)
 .debug_str     0x0008718d       0x7e ./Core/Src/system_stm32f1xx.o
                              0x833bc (size before relaxing)
 .debug_str     0x0008720b      0x302 ./Core/Src/tim.o
                              0x83f15 (size before relaxing)
 .debug_str     0x0008750d       0x44 ./Core/Startup/startup_stm32f103c8tx.o
                                 0x81 (size before relaxing)
 .debug_str     0x00087551      0x378 ./Drivers/STM32F1xx_HAL_Driver/Src/stm32f1xx_hal.o
                              0x83aef (size before relaxing)
 .debug_str     0x000878c9      0x294 ./Drivers/STM32F1xx_HAL_Driver/Src/stm32f1xx_hal_cortex.o
                              0x83a3b (size before relaxing)
 .debug_str     0x00087b5d      0x2ce ./Drivers/STM32F1xx_HAL_Driver/Src/stm32f1xx_hal_gpio.o
                              0x83742 (size before relaxing)
 .debug_str     0x00087e2b      0xbc2 ./Drivers/STM32F1xx_HAL_Driver/Src/stm32f1xx_hal_i2c.o
                              0x84483 (size before relaxing)
 .debug_str     0x000889ed      0x209 ./Drivers/STM32F1xx_HAL_Driver/Src/stm32f1xx_hal_rcc.o
                              0x837eb (size before relaxing)
 .debug_str     0x00088bf6      0xcc5 ./Drivers/STM32F1xx_HAL_Driver/Src/stm32f1xx_hal_tim.o
                              0x847ed (size before relaxing)
 .debug_str     0x000898bb      0x3e1 ./Drivers/STM32F1xx_HAL_Driver/Src/stm32f1xx_hal_tim_ex.o
                              0x83ff9 (size before relaxing)

.comment        0x00000000       0x43
 .comment       0x00000000       0x43 ./Core/Src/gpio.o
                                 0x44 (size before relaxing)
 .comment       0x00000043       0x44 ./Core/Src/i2c-lcd.o
 .comment       0x00000043       0x44 ./Core/Src/i2c.o
 .comment       0x00000043       0x44 ./Core/Src/main.o
 .comment       0x00000043       0x44 ./Core/Src/rotary_encoder.o
 .comment       0x00000043       0x44 ./Core/Src/stm32f1xx_hal_msp.o
 .comment       0x00000043       0x44 ./Core/Src/stm32f1xx_it.o
 .comment       0x00000043       0x44 ./Core/Src/system_stm32f1xx.o
 .comment       0x00000043       0x44 ./Core/Src/tim.o
 .comment       0x00000043       0x44 ./Drivers/STM32F1xx_HAL_Driver/Src/stm32f1xx_hal.o
 .comment       0x00000043       0x44 ./Drivers/STM32F1xx_HAL_Driver/Src/stm32f1xx_hal_cortex.o
 .comment       0x00000043       0x44 ./Drivers/STM32F1xx_HAL_Driver/Src/stm32f1xx_hal_gpio.o
 .comment       0x00000043       0x44 ./Drivers/STM32F1xx_HAL_Driver/Src/stm32f1xx_hal_i2c.o
 .comment       0x00000043       0x44 ./Drivers/STM32F1xx_HAL_Driver/Src/stm32f1xx_hal_rcc.o
 .comment       0x00000043       0x44 ./Drivers/STM32F1xx_HAL_Driver/Src/stm32f1xx_hal_tim.o
 .comment       0x00000043       0x44 ./Drivers/STM32F1xx_HAL_Driver/Src/stm32f1xx_hal_tim_ex.o

.debug_frame    0x00000000     0x3618
 .debug_frame   0x00000000       0x34 ./Core/Src/gpio.o
 .debug_frame   0x00000034      0x110 ./Core/Src/i2c-lcd.o
 .debug_frame   0x00000144       0x74 ./Core/Src/i2c.o
 .debug_frame   0x000001b8       0x94 ./Core/Src/main.o
 .debug_frame   0x0000024c       0xb8 ./Core/Src/rotary_encoder.o
 .debug_frame   0x00000304       0x38 ./Core/Src/stm32f1xx_hal_msp.o
 .debug_frame   0x0000033c      0x174 ./Core/Src/stm32f1xx_it.o
 .debug_frame   0x000004b0       0x58 ./Core/Src/system_stm32f1xx.o
 .debug_frame   0x00000508       0xc4 ./Core/Src/tim.o
 .debug_frame   0x000005cc      0x334 ./Drivers/STM32F1xx_HAL_Driver/Src/stm32f1xx_hal.o
 .debug_frame   0x00000900      0x428 ./Drivers/STM32F1xx_HAL_Driver/Src/stm32f1xx_hal_cortex.o
 .debug_frame   0x00000d28      0x14c ./Drivers/STM32F1xx_HAL_Driver/Src/stm32f1xx_hal_gpio.o
 .debug_frame   0x00000e74      0xc84 ./Drivers/STM32F1xx_HAL_Driver/Src/stm32f1xx_hal_i2c.o
 .debug_frame   0x00001af8      0x218 ./Drivers/STM32F1xx_HAL_Driver/Src/stm32f1xx_hal_rcc.o
 .debug_frame   0x00001d10     0x11b8 ./Drivers/STM32F1xx_HAL_Driver/Src/stm32f1xx_hal_tim.o
 .debug_frame   0x00002ec8      0x638 ./Drivers/STM32F1xx_HAL_Driver/Src/stm32f1xx_hal_tim_ex.o
 .debug_frame   0x00003500       0x20 C:/ST/STM32CubeIDE_1.15.1/STM32CubeIDE/plugins/com.st.stm32cube.ide.mcu.externaltools.gnu-tools-for-stm32.12.3.rel1.win32_1.0.100.202403111256/tools/bin/../lib/gcc/arm-none-eabi/12.3.1/../../../../arm-none-eabi/lib/thumb/v7-m/nofp\libc_nano.a(libc_a-memset.o)
 .debug_frame   0x00003520       0x2c C:/ST/STM32CubeIDE_1.15.1/STM32CubeIDE/plugins/com.st.stm32cube.ide.mcu.externaltools.gnu-tools-for-stm32.12.3.rel1.win32_1.0.100.202403111256/tools/bin/../lib/gcc/arm-none-eabi/12.3.1/../../../../arm-none-eabi/lib/thumb/v7-m/nofp\libc_nano.a(libc_a-init.o)
 .debug_frame   0x0000354c       0x4c C:/ST/STM32CubeIDE_1.15.1/STM32CubeIDE/plugins/com.st.stm32cube.ide.mcu.externaltools.gnu-tools-for-stm32.12.3.rel1.win32_1.0.100.202403111256/tools/bin/../lib/gcc/arm-none-eabi/12.3.1/thumb/v7-m/nofp\libgcc.a(_arm_addsubsf3.o)
 .debug_frame   0x00003598       0x38 C:/ST/STM32CubeIDE_1.15.1/STM32CubeIDE/plugins/com.st.stm32cube.ide.mcu.externaltools.gnu-tools-for-stm32.12.3.rel1.win32_1.0.100.202403111256/tools/bin/../lib/gcc/arm-none-eabi/12.3.1/thumb/v7-m/nofp\libgcc.a(_arm_muldivsf3.o)
 .debug_frame   0x000035d0       0x24 C:/ST/STM32CubeIDE_1.15.1/STM32CubeIDE/plugins/com.st.stm32cube.ide.mcu.externaltools.gnu-tools-for-stm32.12.3.rel1.win32_1.0.100.202403111256/tools/bin/../lib/gcc/arm-none-eabi/12.3.1/thumb/v7-m/nofp\libgcc.a(_arm_fixsfsi.o)
 .debug_frame   0x000035f4       0x24 C:/ST/STM32CubeIDE_1.15.1/STM32CubeIDE/plugins/com.st.stm32cube.ide.mcu.externaltools.gnu-tools-for-stm32.12.3.rel1.win32_1.0.100.202403111256/tools/bin/../lib/gcc/arm-none-eabi/12.3.1/thumb/v7-m/nofp\libgcc.a(_arm_fixunssfsi.o)

.debug_line_str
                0x00000000       0x65
 .debug_line_str
                0x00000000       0x65 ./Core/Startup/startup_stm32f103c8tx.o
